[21:30:01] поиск в ЕГРЮЛ, проход 1
21:30:39 INFO    регион 01 (Республика Адыгея) «СРЕДНЯЯ ОБЩЕОБРАЗОВАТЕЛЬНАЯ ШКОЛА»: 233 записей, всего в базе 233
21:31:16 INFO    регион 01 (Республика Адыгея) «ОСНОВНАЯ ОБЩЕОБРАЗОВАТЕЛЬНАЯ ШКОЛА»: 236 записей, всего в базе 246
[21:31:53] поиск в ЕГРЮЛ, проход 1
21:32:30 INFO    регион 01 (Республика Адыгея) «ОБЩЕОБРАЗОВАТЕЛЬНАЯ ШКОЛА»: 236 записей, всего в базе 246
21:33:07 INFO    регион 01 (Республика Адыгея) «СРЕДНЯЯ ШКОЛА»: 218 записей, всего в базе 246
21:33:10 INFO    регион 01 (Республика Адыгея) «ГИМНАЗИЯ»: 5 записей, всего в базе 250
21:33:13 INFO    регион 01 (Республика Адыгея) «ЛИЦЕЙ»: 6 записей, всего в базе 256
21:33:50 INFO    регион 01 (Республика Адыгея) «ШКОЛА-ИНТЕРНАТ»: 215 записей, всего в базе 260
21:34:27 INFO    регион 01 (Республика Адыгея) «КАДЕТСКАЯ ШКОЛА»: 208 записей, всего в базе 260
21:34:30 INFO    регион 01 (Республика Адыгея) «КАДЕТСКИЙ КОРПУС»: 3 записей, всего в базе 263
[21:34:55] поиск в ЕГРЮЛ, проход 1
21:46:02 INFO    регион 01 (Республика Адыгея) «ВЕЧЕРНЯЯ ШКОЛА»: 209 записей, всего в базе 263
21:53:02 INFO    регион 02 (Республика Башкортостан) «ОБЩЕОБРАЗОВАТЕЛЬНАЯ ШКОЛА»: 433 записей, всего в базе 696
21:56:03 WARNING регион 02 «СРЕДНЯЯ ШКОЛА» стр. 11: сервис ЕГРЮЛ не отдал результат поиска
21:56:03 INFO    регион 02 (Республика Башкортостан) «СРЕДНЯЯ ШКОЛА»: 177 записей, всего в базе 790
[07-30 21:59:56] сторож: запуск сбора, попытка 1
[07-30 21:59:56] === запуск сбора (rate=0.7, workers=2) ===
[07-30 21:59:56] круг 1: осталось поиск=742 выписок=308 контактов=0
[07-30 21:59:56] поиск в ЕГРЮЛ (742 запросов осталось)
22:00:13 INFO    регион 02 (Республика Башкортостан) «ГИМНАЗИЯ»: 97 записей, всего в базе 887
22:00:30 INFO    регион 02 (Республика Башкортостан) «ЛИЦЕЙ»: 92 записей, всего в базе 979
[07-30 22:00:56] сторож: сбор завершился с кодом 143, перезапуск через 30с
[07-30 22:01:26] сторож: запуск сбора, попытка 2
[07-30 22:01:26] === запуск сбора (rate=0.7, workers=2) ===
[07-30 22:01:26] круг 1: осталось поиск=740 выписок=524 контактов=0
[07-30 22:01:26] поиск в ЕГРЮЛ (740 запросов осталось)
